[invitera.site/jimmyclarissa/62818281616.html]
[backblue.gif]
[fade.gif]
[index.html]
[invitera.site/files/event/6/64b1080e1f6e1eb40573b0de2a8373f5.png]
[cdnjs.cloudflare.com/ajax/libs/animate.css/4.1.1/animate.min.css]
[cdnjs.cloudflare.com/ajax/libs/OwlCarousel2/2.3.4/assets/owl.theme.default.min.css]
[cdnjs.cloudflare.com/ajax/libs/OwlCarousel2/2.3.4/assets/owl.carousel.min.css]
[invitera.site/assets/css/bootstrapa2b3.css]
[invitera.site/assets/css/lightbox.min.css]
[invitera.site/assets/css/custom11f4.css]
[invitera.site/assets/css/aos-styles.css]
[invitera.site/assets/css/aos.css]
[invitera.site/files/event/6/cb68880ac4ec389435b67ee8c3f32ee0.png]
[invitera.site/files/event/6/a353d3e53c4b0f883fd87a4d539e7a3a.png]
[invitera.site/images/music_on.png]
[invitera.site/images/nav_bride.png]
[cdnjs.cloudflare.com/ajax/libs/jquery/2.1.3/jquery.min.js]
[invitera.site/images/nav_event.png]
[invitera.site/images/nav_rsvp1b26.png]
[invitera.site/images/nav_gallery.png]
[invitera.site/images/nav_wishes.png]
[invitera.site/images/nav_protocol.png]
[invitera.site/files/themes/12/3ae39ccd906e2fc1a5731b1e33f5ae53.png]
[invitera.site/files/event/6/8606f9855dd8d782402c41b216a882b2.png]
[invitera.site/files/themes/12/44a807f3d00ee2c13af1f51cf476ed4f.png]
[invitera.site/files/event/6/1c2d7ff33b2383c465c6eaff595d7401.png]
[invitera.site/files/event/6/857daac900bea94e0f9c953c12b3ffb6.png]
[invitera.site/files/event/6/c7c70f7195344af9a98393253a1faeca.png]
[invitera.site/files/event/6/fb3467678aebc4fbb011ec1211549668.png]
[invitera.site/files/themes/12/6283e3f4f01773cc106bef33eba93897.png]
[invitera.site/files/event/6/19784f15751b3367dc070415013c92c0.png]
[ajax.googleapis.com/ajax/libs/jquery/3.1.0/jquery.min.js]
[invitera.site/files/event/6/051e2c0f89e78fb0dfb6d039f51290df.png]
[invitera.site/files/event/6/08b17082cf2b56b846a7446c3841a2b8.png]
[invitera.site/files/event/6/6f530bace73f9d4fbf1b5ea3e8fc2055.jpg]
[invitera.site/files/event/6/2d53760f096ff19efde58a58b33ffdce.jpg]
[invitera.site/files/event/6/c695fdd2947a45e8de223ea21330b672.jpg]
[invitera.site/files/event/6/e4431b100b2d22deb851784a6eae96e3.jpg]
[invitera.site/files/event/6/1022e823e237fab2bc34fc3637cc4b8d.jpg]
[invitera.site/files/event/6/86dc5b56b6821236ba3d579b9d9c8991.jpg]
[invitera.site/files/event/6/00f0f15e7a4a24f369d2407a893b23a2.jpg]
[invitera.site/files/event/6/25e4f7371741143b68de8f9030d6bec4.jpg]
[invitera.site/files/event/6/7719cf84fe081d273234ed42b72ea478.jpg]
[invitera.site/files/event/6/40f0f48182e1992316ba92027cfc311c.jpg]
[invitera.site/files/themes/12/7888c965b2138f2289ca97bb32267660.png]
[invitera.site/files/event/6/cb1e79977630f513f48d4b7e693c9d86.png]
[invitera.site/files/themes/12/c19c80de163272c6bf7d01e05597ed8b.png]
[invitera.site/files/themes/12/62e987d2c22c672cd70b37649c6153b1.png]
[invitera.site/files/themes/12/60c9607cbd516a49ddce8af5d3cd4d4a.png]
[invitera.site/assets/js/aos.js]
[unpkg.com/masonry-layout@4/dist/masonry.pkgd.min.37.delayed]
[code.jquery.com/jquery-3.5.1.min.js]
[unpkg.com/masonry-layout@4.2.2/dist/masonry.pkgd.min.js]
[wowjs.uk/dist/wow.min.js]
[cdnjs.cloudflare.com/ajax/libs/OwlCarousel2/2.3.4/owl.carousel.min.js]
[invitera.site/assets/js/script5138.js]
[invitera.site/jimmyclarissa/62818281616.html]
[invitera.site/icon-fav.html]
[cdnjs.cloudflare.com/ajax/libs/animate.css/4.1.1/animate.min.css]
[cdnjs.cloudflare.com/ajax/libs/OwlCarousel2/2.3.4/assets/owl.theme.default.min.css]
[cdnjs.cloudflare.com/ajax/libs/OwlCarousel2/2.3.4/assets/owl.carousel.min.css]
[cdnjs.cloudflare.com/ajax/libs/OwlCarousel2/2.3.4/assets/owl.video.play.png]
[invitera.site/assets/css/bootstrapa2b3.css]
[invitera.site/assets/images/loading.gif]
[invitera.site/assets/css/lightbox.min.css]
[invitera.site/assets/css/style.css]
[invitera.site/assets/css/responsive.css]
[invitera.site/assets/css/mod2058.css]
[images.ctfassets.net/q40z6pfqje6o/2aTFhVr4yLPwmFxh9zUC6x/43522d4fb39d8ff81070ce588dfcfaa2/179-ai.png]
[images.ctfassets.net/q40z6pfqje6o/6mV99ffPUXlskstkVcTqfC/a32e449da3b3082f1e4a0604e17f7a9a/New_Project__4_.png]
[images.ctfassets.net/q40z6pfqje6o/2DKFUnnr1bi2Pj6KeWuudk/69c4c218aa89d3736c59a8ae7510e5f2/Vector_Smart_Object1-ai__1___1_.png]
[invitera.site/assets/css/custom11f4.css]
[invitera.site/icons/icon_64x64.d64535.html]
[invitera.site/icons/icon_512x512.d64535.html]
[invitera.site/assets/css/aos-styles.css]
[invitera.site/assets/css/aos.css]
[invitera.site/assets/img/elegant4.20493f0.html]
[invitera.site/assets/img/simple_flower.a8a9127.html]
[invitera.site/assets/img/elegant_top.ee5a7dc.html]
[invitera.site/assets/img/elegant_bottom.d44e0f9.html]
[images.ctfassets.net/q40z6pfqje6o/2fMxNTpVVlmSs3B589toSW/4ddafb8b70c4862ae7e50ce2071143f5/kisspng-adhesive-tape-paper-post-it-note-scotch-tape-clip-clear-tape-cliparts-5aaddc0d06e397.0688797915213435010282__1_.46]
[invitera.site/assets/js/lightbox.min.js]
